// RequesterElided is an autogenerated mock type for the RequesterElided type
type RequesterElided struct {
	mock.Mock
}

// TSetup will assert the mock expectations once the test completes.
func (_m *RequesterElided) TSetup(t mock.TestingT, expectedCalls ...*mock.Call) *RequesterElided {
	_m.ExpectedCalls = append(_m.ExpectedCalls, expectedCalls...)
	if t, ok := t.(interface {
		mock.TestingT
		Cleanup(func())
	}); ok {
		t.Cleanup(func() { _m.AssertExpectations(t) })
	}
	return _m
}

// Get provides a mock function with given fields: path, url
func (_m *RequesterElided) Get(path string, url string) error {
	ret := _m.Called(path, url)

	var r0 error
	if rf, ok := ret.Get(0).(func(string, string) error); ok {
		r0 = rf(path, url)
	} else {
		r0 = ret.Error(0)
	}

	return r0
}
