// RequesterReturnElided is an autogenerated mock type for the RequesterReturnElided type
type RequesterReturnElided struct {
	mock.Mock
}

// TSetup will assert the mock expectations once the test completes.
func (_m *RequesterReturnElided) TSetup(t mock.TestingT, expectedCalls ...*mock.Call) *RequesterReturnElided {
	_m.ExpectedCalls = append(_m.ExpectedCalls, expectedCalls...)
	if t, ok := t.(interface {
		mock.TestingT
		Cleanup(func())
	}); ok {
		t.Cleanup(func() { _m.AssertExpectations(t) })
	}
	return _m
}

// Get provides a mock function with given fields: path
func (_m *RequesterReturnElided) Get(path string) (int, int, int, error) {
	ret := _m.Called(path)

	var r0 int
	if rf, ok := ret.Get(0).(func(string) int); ok {
		r0 = rf(path)
	} else {
		r0 = ret.Get(0).(int)
	}

	var r1 int
	if rf, ok := ret.Get(1).(func(string) int); ok {
		r1 = rf(path)
	} else {
		r1 = ret.Get(1).(int)
	}

	var r2 int
	if rf, ok := ret.Get(2).(func(string) int); ok {
		r2 = rf(path)
	} else {
		r2 = ret.Get(2).(int)
	}

	var r3 error
	if rf, ok := ret.Get(3).(func(string) error); ok {
		r3 = rf(path)
	} else {
		r3 = ret.Error(3)
	}

	return r0, r1, r2, r3
}
