// Requester4 is an autogenerated mock type for the Requester4 type
type Requester4 struct {
	mock.Mock
}

// TSetup will assert the mock expectations once the test completes.
func (_m *Requester4) TSetup(t mock.TestingT, expectedCalls ...*mock.Call) *Requester4 {
	_m.ExpectedCalls = append(_m.ExpectedCalls, expectedCalls...)
	if t, ok := t.(interface {
		mock.TestingT
		Cleanup(func())
	}); ok {
		t.Cleanup(func() { _m.AssertExpectations(t) })
	}
	return _m
}

// Get provides a mock function with given fields:
func (_m *Requester4) Get() {
	_m.Called()
}
