// A is an autogenerated mock type for the A type
type A struct {
	mock.Mock
}

// TSetup will assert the mock expectations once the test completes.
func (_m A) TSetup(t mock.TestingT) *A {
	res := &_m
	if t, ok := t.(interface {
		mock.TestingT
		Cleanup(func())
	}); ok {
		t.Cleanup(func() { res.AssertExpectations(t) })
	}
	return res
}

// Call provides a mock function with given fields:
func (_m *A) Call() (test.B, error) {
	ret := _m.Called()

	var r0 test.B
	if rf, ok := ret.Get(0).(func() test.B); ok {
		r0 = rf()
	} else {
		r0 = ret.Get(0).(test.B)
	}

	var r1 error
	if rf, ok := ret.Get(1).(func() error); ok {
		r1 = rf()
	} else {
		r1 = ret.Error(1)
	}

	return r0, r1
}
