// RequesterArgSameAsPkg is an autogenerated mock type for the RequesterArgSameAsPkg type
type RequesterArgSameAsPkg struct {
	mock.Mock
}

// TSetup will assert the mock expectations once the test completes.
func (_m RequesterArgSameAsPkg) TSetup(t mock.TestingT) *RequesterArgSameAsPkg {
	res := &_m
	if t, ok := t.(interface {
		mock.TestingT
		Cleanup(func())
	}); ok {
		t.Cleanup(func() { res.AssertExpectations(t) })
	}
	return res
}

// Get provides a mock function with given fields: _a0
func (_m *RequesterArgSameAsPkg) Get(_a0 string) {
	_m.Called(_a0)
}
