// KeyManager is an autogenerated mock type for the KeyManager type
type KeyManager struct {
	mock.Mock
}

// TSetup will assert the mock expectations once the test completes.
func (_m KeyManager) TSetup(t mock.TestingT) *KeyManager {
	res := &_m
	if t, ok := t.(interface {
		mock.TestingT
		Cleanup(func())
	}); ok {
		t.Cleanup(func() { res.AssertExpectations(t) })
	}
	return res
}

// GetKey provides a mock function with given fields: _a0, _a1
func (_m *KeyManager) GetKey(_a0 string, _a1 uint16) ([]byte, *test.Err) {
	ret := _m.Called(_a0, _a1)

	var r0 []byte
	if rf, ok := ret.Get(0).(func(string, uint16) []byte); ok {
		r0 = rf(_a0, _a1)
	} else {
		if ret.Get(0) != nil {
			r0 = ret.Get(0).([]byte)
		}
	}

	var r1 *test.Err
	if rf, ok := ret.Get(1).(func(string, uint16) *test.Err); ok {
		r1 = rf(_a0, _a1)
	} else {
		if ret.Get(1) != nil {
			r1 = ret.Get(1).(*test.Err)
		}
	}

	return r0, r1
}
