// Requester is an autogenerated mock type for the Requester type
type Requester struct {
	mock.Mock
}

// TSetup will assert the mock expectations once the test completes.
func (_m *Requester) TSetup(t mock.TestingT, expectedCalls ...*mock.Call) *Requester {
	_m.ExpectedCalls = append(_m.ExpectedCalls, expectedCalls...)
	if t, ok := t.(interface {
		mock.TestingT
		Cleanup(func())
	}); ok {
		t.Cleanup(func() { _m.AssertExpectations(t) })
	}
	return _m
}

// Get provides a mock function with given fields: path
func (_m *Requester) Get(path string) (string, error) {
	ret := _m.Called(path)

	var r0 string
	if rf, ok := ret.Get(0).(func(string) string); ok {
		r0 = rf(path)
	} else {
		r0 = ret.Get(0).(string)
	}

	var r1 error
	if rf, ok := ret.Get(1).(func(string) error); ok {
		r1 = rf(path)
	} else {
		r1 = ret.Error(1)
	}

	return r0, r1
}
