// Blank is an autogenerated mock type for the Blank type
type Blank struct {
	mock.Mock
}

// TSetup will assert the mock expectations once the test completes.
func (_m Blank) TSetup(t mock.TestingT) *Blank {
	res := &_m
	if t, ok := t.(interface {
		mock.TestingT
		Cleanup(func())
	}); ok {
		t.Cleanup(func() { res.AssertExpectations(t) })
	}
	return res
}

// Create provides a mock function with given fields: x
func (_m *Blank) Create(x interface{}) error {
	ret := _m.Called(x)

	var r0 error
	if rf, ok := ret.Get(0).(func(interface{}) error); ok {
		r0 = rf(x)
	} else {
		r0 = ret.Error(0)
	}

	return r0
}
