package mocks

import fixtures "github.com/Rellum/mockery/mockery/fixtures"
import mock "github.com/stretchr/testify/mock"
import test "github.com/Rellum/mockery/mockery/fixtures/test"

