// Requester3 is an autogenerated mock type for the Requester3 type
type Requester3 struct {
	mock.Mock
}

// TSetup will assert the mock expectations once the test completes.
func (_m Requester3) TSetup(t mock.TestingT) *Requester3 {
	res := &_m
	if t, ok := t.(interface {
		mock.TestingT
		Cleanup(func())
	}); ok {
		t.Cleanup(func() { res.AssertExpectations(t) })
	}
	return res
}

// Get provides a mock function with given fields:
func (_m *Requester3) Get() error {
	ret := _m.Called()

	var r0 error
	if rf, ok := ret.Get(0).(func() error); ok {
		r0 = rf()
	} else {
		r0 = ret.Error(0)
	}

	return r0
}
