// MyReader is an autogenerated mock type for the MyReader type
type MyReader struct {
	mock.Mock
}

// TSetup will assert the mock expectations once the test completes.
func (_m MyReader) TSetup(t mock.TestingT) *MyReader {
	res := &_m
	if t, ok := t.(interface {
		mock.TestingT
		Cleanup(func())
	}); ok {
		t.Cleanup(func() { res.AssertExpectations(t) })
	}
	return res
}

// Read provides a mock function with given fields: p
func (_m *MyReader) Read(p []byte) (int, error) {
	ret := _m.Called(p)

	var r0 int
	if rf, ok := ret.Get(0).(func([]byte) int); ok {
		r0 = rf(p)
	} else {
		r0 = ret.Get(0).(int)
	}

	var r1 error
	if rf, ok := ret.Get(1).(func([]byte) error); ok {
		r1 = rf(p)
	} else {
		r1 = ret.Error(1)
	}

	return r0, r1
}
