// MapFunc is an autogenerated mock type for the MapFunc type
type MapFunc struct {
	mock.Mock
}

// TSetup will assert the mock expectations once the test completes.
func (_m MapFunc) TSetup(t mock.TestingT) *MapFunc {
	res := &_m
	if t, ok := t.(interface {
		mock.TestingT
		Cleanup(func())
	}); ok {
		t.Cleanup(func() { res.AssertExpectations(t) })
	}
	return res
}

// Get provides a mock function with given fields: m
func (_m *MapFunc) Get(m map[string]func(string) string) error {
	ret := _m.Called(m)

	var r0 error
	if rf, ok := ret.Get(0).(func(map[string]func(string) string) error); ok {
		r0 = rf(m)
	} else {
		r0 = ret.Error(0)
	}

	return r0
}
