// RequesterArray is an autogenerated mock type for the RequesterArray type
type RequesterArray struct {
	mock.Mock
}

// TSetup will assert the mock expectations once the test completes.
func (_m *RequesterArray) TSetup(t mock.TestingT, expectedCalls ...*mock.Call) *RequesterArray {
	_m.ExpectedCalls = append(_m.ExpectedCalls, expectedCalls...)
	if t, ok := t.(interface {
		mock.TestingT
		Cleanup(func())
	}); ok {
		t.Cleanup(func() { _m.AssertExpectations(t) })
	}
	return _m
}

// Get provides a mock function with given fields: path
func (_m *RequesterArray) Get(path string) ([2]string, error) {
	ret := _m.Called(path)

	var r0 [2]string
	if rf, ok := ret.Get(0).(func(string) [2]string); ok {
		r0 = rf(path)
	} else {
		if ret.Get(0) != nil {
			r0 = ret.Get(0).([2]string)
		}
	}

	var r1 error
	if rf, ok := ret.Get(1).(func(string) error); ok {
		r1 = rf(path)
	} else {
		r1 = ret.Error(1)
	}

	return r0, r1
}
