// Requester2 is an autogenerated mock type for the Requester2 type
type Requester2 struct {
	mock.Mock
}

// TSetup will assert the mock expectations once the test completes.
func (_m *Requester2) TSetup(t mock.TestingT, expectedCalls ...*mock.Call) *Requester2 {
	_m.ExpectedCalls = append(_m.ExpectedCalls, expectedCalls...)
	if t, ok := t.(interface {
		mock.TestingT
		Cleanup(func())
	}); ok {
		t.Cleanup(func() { _m.AssertExpectations(t) })
	}
	return _m
}

// Get provides a mock function with given fields: path
func (_m *Requester2) Get(path string) error {
	ret := _m.Called(path)

	var r0 error
	if rf, ok := ret.Get(0).(func(string) error); ok {
		r0 = rf(path)
	} else {
		r0 = ret.Error(0)
	}

	return r0
}
