package mocks

import mock "github.com/stretchr/testify/mock"
import test "github.com/vektra/mockery/mockery/fixtures"

