// RequesterArgSameAsNamedImport is an autogenerated mock type for the RequesterArgSameAsNamedImport type
type RequesterArgSameAsNamedImport struct {
	mock.Mock
}

// TSetup will assert the mock expectations once the test completes.
func (_m RequesterArgSameAsNamedImport) TSetup(t mock.TestingT) *RequesterArgSameAsNamedImport {
	res := &_m
	if t, ok := t.(interface {
		mock.TestingT
		Cleanup(func())
	}); ok {
		t.Cleanup(func() { res.AssertExpectations(t) })
	}
	return res
}

// Get provides a mock function with given fields: _a0
func (_m *RequesterArgSameAsNamedImport) Get(_a0 string) *json.RawMessage {
	ret := _m.Called(_a0)

	var r0 *json.RawMessage
	if rf, ok := ret.Get(0).(func(string) *json.RawMessage); ok {
		r0 = rf(_a0)
	} else {
		if ret.Get(0) != nil {
			r0 = ret.Get(0).(*json.RawMessage)
		}
	}

	return r0
}
