// AsyncProducer is an autogenerated mock type for the AsyncProducer type
type AsyncProducer struct {
	mock.Mock
}

// TSetup will assert the mock expectations once the test completes.
func (_m AsyncProducer) TSetup(t mock.TestingT) *AsyncProducer {
	res := &_m
	if t, ok := t.(interface {
		mock.TestingT
		Cleanup(func())
	}); ok {
		t.Cleanup(func() { res.AssertExpectations(t) })
	}
	return res
}

// Input provides a mock function with given fields:
func (_m *AsyncProducer) Input() chan<- bool {
	ret := _m.Called()

	var r0 chan<- bool
	if rf, ok := ret.Get(0).(func() chan<- bool); ok {
		r0 = rf()
	} else {
		if ret.Get(0) != nil {
			r0 = ret.Get(0).(chan<- bool)
		}
	}

	return r0
}

// Output provides a mock function with given fields:
func (_m *AsyncProducer) Output() <-chan bool {
	ret := _m.Called()

	var r0 <-chan bool
	if rf, ok := ret.Get(0).(func() <-chan bool); ok {
		r0 = rf()
	} else {
		if ret.Get(0) != nil {
			r0 = ret.Get(0).(<-chan bool)
		}
	}

	return r0
}

// Whatever provides a mock function with given fields:
func (_m *AsyncProducer) Whatever() chan bool {
	ret := _m.Called()

	var r0 chan bool
	if rf, ok := ret.Get(0).(func() chan bool); ok {
		r0 = rf()
	} else {
		if ret.Get(0) != nil {
			r0 = ret.Get(0).(chan bool)
		}
	}

	return r0
}
