// RequesterIface is an autogenerated mock type for the RequesterIface type
type RequesterIface struct {
	mock.Mock
}

// TSetup will assert the mock expectations once the test completes.
func (_m RequesterIface) TSetup(t mock.TestingT) *RequesterIface {
	res := &_m
	if t, ok := t.(interface {
		mock.TestingT
		Cleanup(func())
	}); ok {
		t.Cleanup(func() { res.AssertExpectations(t) })
	}
	return res
}

// Get provides a mock function with given fields:
func (_m *RequesterIface) Get() io.Reader {
	ret := _m.Called()

	var r0 io.Reader
	if rf, ok := ret.Get(0).(func() io.Reader); ok {
		r0 = rf()
	} else {
		if ret.Get(0) != nil {
			r0 = ret.Get(0).(io.Reader)
		}
	}

	return r0
}
