package mocks

import http "net/http"
import mock "github.com/stretchr/testify/mock"
import test "github.com/Rellum/mockery/mockery/fixtures"

