// MockUsesOtherPkgIface is an autogenerated mock type for the UsesOtherPkgIface type
type MockUsesOtherPkgIface struct {
	mock.Mock
}

// TSetup will assert the mock expectations once the test completes.
func (_m *MockUsesOtherPkgIface) TSetup(t mock.TestingT, expectedCalls ...*mock.Call) *MockUsesOtherPkgIface {
	_m.ExpectedCalls = append(_m.ExpectedCalls, expectedCalls...)
	if t, ok := t.(interface {
		mock.TestingT
		Cleanup(func())
	}); ok {
		t.Cleanup(func() { _m.AssertExpectations(t) })
	}
	return _m
}

// DoSomethingElse provides a mock function with given fields: obj
func (_m *MockUsesOtherPkgIface) DoSomethingElse(obj Sibling) {
	_m.Called(obj)
}
