// RequesterNS is an autogenerated mock type for the RequesterNS type
type RequesterNS struct {
	mock.Mock
}

// TSetup will assert the mock expectations once the test completes.
func (_m RequesterNS) TSetup(t mock.TestingT) *RequesterNS {
	res := &_m
	if t, ok := t.(interface {
		mock.TestingT
		Cleanup(func())
	}); ok {
		t.Cleanup(func() { res.AssertExpectations(t) })
	}
	return res
}

// Get provides a mock function with given fields: path
func (_m *RequesterNS) Get(path string) (http.Response, error) {
	ret := _m.Called(path)

	var r0 http.Response
	if rf, ok := ret.Get(0).(func(string) http.Response); ok {
		r0 = rf(path)
	} else {
		r0 = ret.Get(0).(http.Response)
	}

	var r1 error
	if rf, ok := ret.Get(1).(func(string) error); ok {
		r1 = rf(path)
	} else {
		r1 = ret.Error(1)
	}

	return r0, r1
}
