// RequesterSlice is an autogenerated mock type for the RequesterSlice type
type RequesterSlice struct {
	mock.Mock
}

// TSetup will assert the mock expectations once the test completes.
func (_m RequesterSlice) TSetup(t mock.TestingT) *RequesterSlice {
	res := &_m
	if t, ok := t.(interface {
		mock.TestingT
		Cleanup(func())
	}); ok {
		t.Cleanup(func() { res.AssertExpectations(t) })
	}
	return res
}

// Get provides a mock function with given fields: path
func (_m *RequesterSlice) Get(path string) ([]string, error) {
	ret := _m.Called(path)

	var r0 []string
	if rf, ok := ret.Get(0).(func(string) []string); ok {
		r0 = rf(path)
	} else {
		if ret.Get(0) != nil {
			r0 = ret.Get(0).([]string)
		}
	}

	var r1 error
	if rf, ok := ret.Get(1).(func(string) error); ok {
		r1 = rf(path)
	} else {
		r1 = ret.Error(1)
	}

	return r0, r1
}
