// Code generated by mockery v1.1.0. DO NOT EDIT.

// A
// B

