// Example is an autogenerated mock type for the Example type
type Example struct {
	mock.Mock
}

// TSetup will assert the mock expectations once the test completes.
func (_m Example) TSetup(t mock.TestingT) *Example {
	res := &_m
	if t, ok := t.(interface {
		mock.TestingT
		Cleanup(func())
	}); ok {
		t.Cleanup(func() { res.AssertExpectations(t) })
	}
	return res
}

// A provides a mock function with given fields:
func (_m *Example) A() http.Flusher {
	ret := _m.Called()

	var r0 http.Flusher
	if rf, ok := ret.Get(0).(func() http.Flusher); ok {
		r0 = rf()
	} else {
		if ret.Get(0) != nil {
			r0 = ret.Get(0).(http.Flusher)
		}
	}

	return r0
}

// B provides a mock function with given fields: _a0
func (_m *Example) B(_a0 string) fixtureshttp.MyStruct {
	ret := _m.Called(_a0)

	var r0 fixtureshttp.MyStruct
	if rf, ok := ret.Get(0).(func(string) fixtureshttp.MyStruct); ok {
		r0 = rf(_a0)
	} else {
		r0 = ret.Get(0).(fixtureshttp.MyStruct)
	}

	return r0
}
